Microchip MPLAB XC8 Compiler V2.05 ()

Linker command line:

-W-3 --edf=C:\Program Files (x86)\Microchip\xc8\v2.05\pic\dat\en_msgs.txt \
  -cs -h+dist/default/production\MAIN_READ_TEMP.X.production.sym \
  --cmf=dist/default/production\MAIN_READ_TEMP.X.production.cmf -z \
  -Q18F2550 -oC:\Users\dorin\AppData\Local\Temp\sck4.2 \
  --defsym=__MPLAB_BUILD=1 \
  -Mdist/default/production/MAIN_READ_TEMP.X.production.map -E1 -ver=XC8 \
  --acfsm=1493 -ASTACK=013Fh-07FFh -pstack=STACK -ACODE=00h-07FFFh \
  -ACONST=00h-07FFFh -ASMALLCONST=0800h-08FFhx120 \
  -AMEDIUMCONST=0800h-07FFFh -ACOMRAM=01h-05Fh -AABS1=00h-07FFh \
  -ABIGRAM=01h-07FFh -ARAM=060h-0FFh,0100h-01FFhx7 -ABANK0=060h-0FFh \
  -ABANK1=0100h-01FFh -ABANK2=0200h-02FFh -ABANK3=0300h-03FFh \
  -ABANK4=0400h-04FFh -ABANK5=0500h-05FFh -ABANK6=0600h-06FFh \
  -ABANK7=0700h-07FFh -ASFR=0F60h-0FFFh \
  -preset_vec=00h,intcode=08h,intcodelo,powerup,init -pramtop=0800h \
  -psmallconst=SMALLCONST -pmediumconst=MEDIUMCONST -pconst=CONST \
  -AFARRAM=00h-00h -ACONFIG=0300000h-030000Dh -pconfig=CONFIG \
  -AIDLOC=0200000h-0200007h -pidloc=IDLOC -AEEDATA=0F00000h-0F000FFh \
  -peeprom_data=EEDATA \
  -prdata=COMRAM,nvrram=COMRAM,nvbit=COMRAM,rbss=COMRAM,rbit=COMRAM \
  -pfarbss=FARRAM,fardata=FARRAM,nvFARRAM=FARRAM \
  -pintsave_regs=BIGRAM,bigbss=BIGRAM,bigdata=BIGRAM -pbss=RAM \
  -pidata=CODE,irdata=CODE,ibigdata=CODE,ifardata=CODE -prparam=COMRAM \
  C:\Users\dorin\AppData\Local\Temp\sck4.o \
  dist/default/production\MAIN_READ_TEMP.X.production.o 

Object code version is 3.11

Machine type is 18F2550

Call graph: (short form)




                Name                               Link     Load   Length Selector   Space Scale
C:\Users\dorin\AppData\Local\Temp\sck4.o
                init                                  E        E        4        4       0
                reset_vec                             0        0        4        0       0
                idloc                            200000   200000        8   200000       0
                config                           300000   300000        E   300000       0
dist/default/production\MAIN_READ_TEMP.X.production.o
                intcode                               8        8        6        4       0
                temp                                 5D       5D        1        1       1
                smallconst                          800      800       6A      400       0
                text51                             4238     4238       10      435       0
                text50                             415C     415C       2A      435       0
                text49                             3FDC     3FDC       34      435       0
                intcode_body                       4102     4102       30      435       0
                text47                             363C     363C       F2      435       0
                text46                             3EAE     3EAE       44      435       0
                text45                             4132     4132       2A      435       0
                text44                             398C     398C       B0      435       0
                text43                             3EF2     3EF2       40      435       0
                text42                             420E     420E       16      435       0
                text41                             3E68     3E68       46      435       0
                text40                             4224     4224       14      435       0
                text39                             41F0     41F0       1E      435       0
                text38                             38D0     38D0       BC      435       0
                text37                             2330     2330      288      435       0
                text36                             1CD2     1CD2      352      435       0
                text35                             2024     2024      30C      435       0
                text34                             3E22     3E22       46      435       0
                text33                             31A2     31A2      140      435       0
                text32                             15E0     15E0      6F2      435       0
                text31                             2A2A     2A2A      1C0      435       0
                text30                             41AC     41AC       26      435       0
                text29                             40D2     40D2       30      435       0
                text28                             3F32     3F32       3E      435       0
                text27                             3062     3062      140      435       0
                text26                             4252     4252        2      435       0
                text25                             3B94     3B94       A0      435       0
                text24                             3F70     3F70       38      435       0
                text23                             3C34     3C34       96      435       0
                text22                             3D88     3D88       50      435       0
                text21                             2F1A     2F1A      148      435       0
                text20                             340A     340A      124      435       0
                text19                             4010     4010       32      435       0
                text18                             25B8     25B8      244      435       0
                text17                             2D9A     2D9A      180      435       0
                text16                             32E2     32E2      128      435       0
                text15                             3AEA     3AEA       AA      435       0
                text14                             3802     3802       CE      435       0
                text13                             3A3C     3A3C       AE      435       0
                text12                             2BEA     2BEA      1B0      435       0
                text11                             3FA8     3FA8       34      435       0
                text10                             40A2     40A2       30      435       0
                text9                              4072     4072       30      435       0
                text8                              3DD8     3DD8       4A      435       0
                text7                              27FC     27FC      22E      435       0
                text6                               86A      86A      D76      435       0
                text5                              3D32     3D32       56      435       0
                text4                              372E     372E       D4      435       0
                text3                              4042     4042       30      435       0
                text2                              352E     352E      10E      435       0
                text1                              4186     4186       26      435       0
                text0                              41D2     41D2       1E      435       0
                cstackCOMRAM                          1        1       5A        1       1
                cstackBANK0                          60       60       8A       60       1
                dataBANK1                           136      136        7      100       1
                bssBANK1                            100      100       36      100       1
                dataBANK0                            FC       FC        3       60       1
                bssBANK0                             EA       EA       12       60       1
                bssCOMRAM                            5B       5B        2        1       1
                cinit                              3CCA     3CCA       68      435       0
                nvBANK1                             13D      13D        2      100       1
                idataBANK1                         4248     4248        7      435       0
                idataBANK0                         424F     424F        3      435       0

TOTAL           Name                               Link     Load   Length     Space
        CLASS   STACK          

        CLASS   CODE           
                intcode                               8        8        6         0
                init                                  E        E        4         0
                reset_vec                             0        0        4         0
                text51                             4238     4238       10         0
                text50                             415C     415C       2A         0
                text49                             3FDC     3FDC       34         0
                intcode_body                       4102     4102       30         0
                text47                             363C     363C       F2         0
                text46                             3EAE     3EAE       44         0
                text45                             4132     4132       2A         0
                text44                             398C     398C       B0         0
                text43                             3EF2     3EF2       40         0
                text42                             420E     420E       16         0
                text41                             3E68     3E68       46         0
                text40                             4224     4224       14         0
                text39                             41F0     41F0       1E         0
                text38                             38D0     38D0       BC         0
                text37                             2330     2330      288         0
                text36                             1CD2     1CD2      352         0
                text35                             2024     2024      30C         0
                text34                             3E22     3E22       46         0
                text33                             31A2     31A2      140         0
                text32                             15E0     15E0      6F2         0
                text31                             2A2A     2A2A      1C0         0
                text30                             41AC     41AC       26         0
                text29                             40D2     40D2       30         0
                text28                             3F32     3F32       3E         0
                text27                             3062     3062      140         0
                text26                             4252     4252        2         0
                text25                             3B94     3B94       A0         0
                text24                             3F70     3F70       38         0
                text23                             3C34     3C34       96         0
                text22                             3D88     3D88       50         0
                text21                             2F1A     2F1A      148         0
                text20                             340A     340A      124         0
                text19                             4010     4010       32         0
                text18                             25B8     25B8      244         0
                text17                             2D9A     2D9A      180         0
                text16                             32E2     32E2      128         0
                text15                             3AEA     3AEA       AA         0
                text14                             3802     3802       CE         0
                text13                             3A3C     3A3C       AE         0
                text12                             2BEA     2BEA      1B0         0
                text11                             3FA8     3FA8       34         0
                text10                             40A2     40A2       30         0
                text9                              4072     4072       30         0
                text8                              3DD8     3DD8       4A         0
                text7                              27FC     27FC      22E         0
                text6                               86A      86A      D76         0
                text5                              3D32     3D32       56         0
                text4                              372E     372E       D4         0
                text3                              4042     4042       30         0
                text2                              352E     352E      10E         0
                text1                              4186     4186       26         0
                text0                              41D2     41D2       1E         0
                cinit                              3CCA     3CCA       68         0
                idataBANK1                         4248     4248        7         0
                idataBANK0                         424F     424F        3         0

        CLASS   CONST          

        CLASS   SMALLCONST     
                smallconst                          800      800       6A         0

        CLASS   MEDIUMCONST    

        CLASS   COMRAM         
                temp                                 5D       5D        1         1
                cstackCOMRAM                          1        1       5A         1
                bssCOMRAM                            5B       5B        2         1

        CLASS   ABS1           

        CLASS   BIGRAM         

        CLASS   RAM            

        CLASS   BANK0          
                cstackBANK0                          60       60       8A         1
                dataBANK0                            FC       FC        3         1
                bssBANK0                             EA       EA       12         1

        CLASS   BANK1          
                dataBANK1                           136      136        7         1
                bssBANK1                            100      100       36         1
                nvBANK1                             13D      13D        2         1

        CLASS   BANK2          

        CLASS   BANK3          

        CLASS   BANK4          

        CLASS   BANK5          

        CLASS   BANK6          

        CLASS   BANK7          

        CLASS   SFR            

        CLASS   FARRAM         

        CLASS   CONFIG         
                config                           300000   300000        E         0

        CLASS   IDLOC          
                idloc                            200000   200000        8         0

        CLASS   EEDATA         



SEGMENTS        Name                           Load    Length   Top    Selector   Space  Class

                reset_vec                      000000  000004  000004         0       0  CODE    
                cstackCOMRAM                   000001  00005D  00005E         1       1  COMRAM  
                intcode                        000008  00000A  000012         4       0  CODE    
                cstackBANK0                    000060  00009F  0000FF        60       1  BANK0   
                bssBANK1                       000100  00003F  00013F       100       1  BANK1   
                smallconst                     000800  00006A  00086A       400       0  SMALLCON
                text6                          00086A  0039EA  004254       435       0  CODE    
                idloc                          200000  000008  200008    200000       0  IDLOC   
                config                         300000  00000E  30000E    300000       0  CONFIG  


UNUSED ADDRESS RANGES

        Name                Unused          Largest block    Delta
        BANK0            0000FF-0000FF                1
        BANK1            00013F-0001FF               C1
        BANK2            000200-0002FF              100
        BANK3            000300-0003FF              100
        BANK4            000400-0004FF              100
        BANK5            000500-0005FF              100
        BANK6            000600-0006FF              100
        BANK7            000700-0007FF              100
        BIGRAM           00005E-00005F                2
                         0000FF-0000FF                1
                         00013F-0007FF              6C1
        CODE             000004-000007                4
                         000012-0007FF              7EE
                         004254-007FFF             3DAC
        COMRAM           00005E-00005F                2
        CONST            000004-000007                4
                         000012-0007FF              7EE
                         004254-007FFF             3DAC
        EEDATA           F00000-F000FF              100
        MEDIUMCONST      004254-007FFF             3DAC
        RAM              0000FF-0000FF                1
                         00013F-0007FF              100
        SFR              000F60-000FFF               A0
        SMALLCONST       004254-007FFF              100
        STACK            00013F-0007FF              6C1

                                  Symbol Table

?___aodiv                        cstackCOMRAM 000003
?___aomod                        cstackCOMRAM 000003
?___fladd                        cstackCOMRAM 00002A
?___fldiv                        cstackCOMRAM 000042
?___flmul                        cstackCOMRAM 000011
?___flsub                        cstackCOMRAM 00003A
?___fltol                        cstackBANK0  000060
?___lodiv                        cstackCOMRAM 000003
?___lomod                        cstackCOMRAM 000003
?___wmul                         cstackCOMRAM 000003
?___xxtofl                       cstackCOMRAM 000003
?_abs                            cstackCOMRAM 000015
?_atoi                           cstackCOMRAM 00000A
?_ctoa                           cstackCOMRAM 00001E
?_dtoa                           cstackCOMRAM 00001E
?_isalpha                        cstackCOMRAM 000003
?_isdigit                        cstackCOMRAM 000003
?_islower                        cstackCOMRAM 000003
?_isspace                        cstackCOMRAM 000003
?_isupper                        cstackCOMRAM 000003
?_logf                           cstackBANK0  000060
?_otoa                           cstackCOMRAM 00001E
?_pad                            cstackCOMRAM 000013
?_snprintf                       cstackBANK0  0000C6
?_stoa                           cstackCOMRAM 00000C
?_strlen                         cstackCOMRAM 000003
?_strncmp                        cstackCOMRAM 000003
?_temperature                    cstackBANK0  0000DB
?_toupper                        cstackCOMRAM 000009
?_update_ADC_results             cstackBANK0  0000D2
?_utoa                           cstackCOMRAM 00001E
?_vfpfcnvrt                      cstackCOMRAM 000045
?_vfprintf                       cstackCOMRAM 00004F
?_vsnprintf                      cstackBANK0  00007B
?_xtoa                           cstackCOMRAM 00001E
Ohm2C@logR                       cstackBANK0  0000C2
Ohm2C@x                          cstackBANK0  0000AC
_ADCON0bits                      (abs)        000FC2
_ADCON1                          (abs)        000FC1
_ADCON1bits                      (abs)        000FC1
_ADCON2bits                      (abs)        000FC0
_ADC_Read                        text51       004238
_ADC_results                     bssBANK1     00012F
_ADC_setup                       text41       003E68
_ADIF                            (abs)        007CF6
_ADRESH                          (abs)        000FC4
_ADRESL                          (abs)        000FC3
_BIT_0                           smallconst   00082B
_BIT_1                           smallconst   00082A
_BIT_3                           smallconst   000828
_BIT_4                           smallconst   000827
_BIT_6                           smallconst   000825
_BIT_7                           smallconst   000824
_CMCON                           (abs)        000FB4
_INTCON                          (abs)        000FF2
_INTCONbits                      (abs)        000FF2
_LATB                            (abs)        000F8A
_OSCCON                          (abs)        000FD3
_Ohm2C                           text31       002A2A
_Ohm2C$1777                      cstackBANK0  0000AE
_Ohm2C$1778                      cstackBANK0  0000B2
_Ohm2C$1779                      cstackBANK0  0000B6
_Ohm2C$1780                      cstackBANK0  0000BA
_Ohm2C$1781                      cstackBANK0  0000BE
_PIE1bits                        (abs)        000F9D
_PIR1bits                        (abs)        000F9E
_PORTB                           (abs)        000F81
_RCONbits                        (abs)        000FD0
_T0CON                           (abs)        000FD5
_TMR0H                           (abs)        000FD7
_TMR0L                           (abs)        000FD6
_TRISAbits                       (abs)        000F92
_TRISB                           (abs)        000F93
__CFG_BOR$ON                     (abs)        000000
__CFG_BORV$3                     (abs)        000000
__CFG_CCP2MX$ON                  (abs)        000000
__CFG_CP0$OFF                    (abs)        000000
__CFG_CP1$OFF                    (abs)        000000
__CFG_CP2$OFF                    (abs)        000000
__CFG_CP3$OFF                    (abs)        000000
__CFG_CPB$OFF                    (abs)        000000
__CFG_CPD$OFF                    (abs)        000000
__CFG_CPUDIV$OSC1_PLL2           (abs)        000000
__CFG_EBTR0$OFF                  (abs)        000000
__CFG_EBTR1$OFF                  (abs)        000000
__CFG_EBTR2$OFF                  (abs)        000000
__CFG_EBTR3$OFF                  (abs)        000000
__CFG_EBTRB$OFF                  (abs)        000000
__CFG_FCMEN$OFF                  (abs)        000000
__CFG_FOSC$INTOSC_EC             (abs)        000000
__CFG_IESO$OFF                   (abs)        000000
__CFG_LPT1OSC$OFF                (abs)        000000
__CFG_LVP$OFF                    (abs)        000000
__CFG_MCLRE$OFF                  (abs)        000000
__CFG_PBADEN$OFF                 (abs)        000000
__CFG_PLLDIV$1                   (abs)        000000
__CFG_PWRT$OFF                   (abs)        000000
__CFG_STVREN$ON                  (abs)        000000
__CFG_USBDIV$1                   (abs)        000000
__CFG_VREGEN$OFF                 (abs)        000000
__CFG_WDT$OFF                    (abs)        000000
__CFG_WDTPS$32768                (abs)        000000
__CFG_WRT0$OFF                   (abs)        000000
__CFG_WRT1$OFF                   (abs)        000000
__CFG_WRT2$OFF                   (abs)        000000
__CFG_WRT3$OFF                   (abs)        000000
__CFG_WRTB$OFF                   (abs)        000000
__CFG_WRTC$OFF                   (abs)        000000
__CFG_WRTD$OFF                   (abs)        000000
__CFG_XINST$OFF                  (abs)        000000
__HRAM                           (abs)        000000
__Habs1                          abs1         000000
__Hbank0                         bank0        000000
__Hbank1                         bank1        000000
__Hbank2                         bank2        000000
__Hbank3                         bank3        000000
__Hbank4                         bank4        000000
__Hbank5                         bank5        000000
__Hbank6                         bank6        000000
__Hbank7                         bank7        000000
__Hbigbss                        bigbss       000000
__Hbigdata                       bigdata      000000
__Hbigram                        bigram       000000
__Hbss                           bss          000000
__HbssBANK0                      bssBANK0     000000
__HbssBANK1                      bssBANK1     000000
__HbssCOMRAM                     bssCOMRAM    000000
__Hcinit                         cinit        000000
__Hclrtext                       clrtext      000000
__Hcomram                        comram       000000
__Hconfig                        config       30000E
__Hconst                         const        000000
__HcstackBANK0                   cstackBANK0  000000
__HcstackCOMRAM                  cstackCOMRAM 000000
__Hdata                          data         000000
__HdataBANK0                     dataBANK0    000000
__HdataBANK1                     dataBANK1    000000
__Heeprom_data                   eeprom_data  000000
__Hfarbss                        farbss       000000
__Hfardata                       fardata      000000
__Hibigdata                      ibigdata     000000
__Hidata                         idata        000000
__HidataBANK0                    idataBANK0   000000
__HidataBANK1                    idataBANK1   000000
__Hidloc                         idloc        200008
__Hifardata                      ifardata     000000
__Hinit                          init         000012
__Hintcode                       intcode      00000E
__Hintcode_body                  intcode_body 000000
__Hintcodelo                     intcodelo    00000E
__Hintentry                      intentry     000000
__Hintret                        intret       000000
__Hintsave_regs                  intsave_regs 000000
__Hirdata                        irdata       000000
__Hmediumconst                   mediumconst  000000
__HnvBANK1                       nvBANK1      000000
__HnvFARRAM                      nvFARRAM     000000
__Hnvbit                         nvbit        000000
__Hnvrram                        nvrram       000000
__Hparam                         rparam       000000
__Hpowerup                       powerup      00000E
__Hram                           ram          000000
__Hramtop                        ramtop       000800
__Hrbit                          rbit         000000
__Hrbss                          rbss         000000
__Hrdata                         rdata        000000
__Hreset_vec                     reset_vec    000004
__Hrparam                        rparam       000000
__Hsfr                           sfr          000000
__Hsmallconst                    smallconst   00086A
__Hspace_0                       (abs)        30000E
__Hspace_1                       (abs)        00013F
__Hspace_2                       (abs)        000000
__Hstack                         stack        000000
__Hstruct                        struct       000000
__Htemp                          temp         00005E
__Htext                          text         000000
__Htext0                         text0        000000
__Htext1                         text1        000000
__Htext10                        text10       000000
__Htext11                        text11       000000
__Htext12                        text12       000000
__Htext13                        text13       000000
__Htext14                        text14       000000
__Htext15                        text15       000000
__Htext16                        text16       000000
__Htext17                        text17       000000
__Htext18                        text18       000000
__Htext19                        text19       000000
__Htext2                         text2        000000
__Htext20                        text20       000000
__Htext21                        text21       000000
__Htext22                        text22       000000
__Htext23                        text23       000000
__Htext24                        text24       000000
__Htext25                        text25       000000
__Htext26                        text26       000000
__Htext27                        text27       000000
__Htext28                        text28       000000
__Htext29                        text29       000000
__Htext3                         text3        000000
__Htext30                        text30       000000
__Htext31                        text31       000000
__Htext32                        text32       000000
__Htext33                        text33       000000
__Htext34                        text34       000000
__Htext35                        text35       000000
__Htext36                        text36       000000
__Htext37                        text37       000000
__Htext38                        text38       000000
__Htext39                        text39       000000
__Htext4                         text4        000000
__Htext40                        text40       000000
__Htext41                        text41       000000
__Htext42                        text42       000000
__Htext43                        text43       000000
__Htext44                        text44       000000
__Htext45                        text45       000000
__Htext46                        text46       000000
__Htext47                        text47       000000
__Htext49                        text49       000000
__Htext5                         text5        000000
__Htext50                        text50       000000
__Htext51                        text51       000000
__Htext52                        text52       000000
__Htext6                         text6        000000
__Htext7                         text7        000000
__Htext8                         text8        000000
__Htext9                         text9        000000
__LRAM                           (abs)        000001
__Labs1                          abs1         000000
__Lbank0                         bank0        000000
__Lbank1                         bank1        000000
__Lbank2                         bank2        000000
__Lbank3                         bank3        000000
__Lbank4                         bank4        000000
__Lbank5                         bank5        000000
__Lbank6                         bank6        000000
__Lbank7                         bank7        000000
__Lbigbss                        bigbss       000000
__Lbigdata                       bigdata      000000
__Lbigram                        bigram       000000
__Lbss                           bss          000000
__LbssBANK0                      bssBANK0     000000
__LbssBANK1                      bssBANK1     000000
__LbssCOMRAM                     bssCOMRAM    000000
__Lcinit                         cinit        000000
__Lclrtext                       clrtext      000000
__Lcomram                        comram       000000
__Lconfig                        config       300000
__Lconst                         const        000000
__LcstackBANK0                   cstackBANK0  000000
__LcstackCOMRAM                  cstackCOMRAM 000000
__Ldata                          data         000000
__LdataBANK0                     dataBANK0    000000
__LdataBANK1                     dataBANK1    000000
__Leeprom_data                   eeprom_data  000000
__Lfarbss                        farbss       000000
__Lfardata                       fardata      000000
__Libigdata                      ibigdata     000000
__Lidata                         idata        000000
__LidataBANK0                    idataBANK0   000000
__LidataBANK1                    idataBANK1   000000
__Lidloc                         idloc        200000
__Lifardata                      ifardata     000000
__Linit                          init         00000E
__Lintcode                       intcode      000008
__Lintcode_body                  intcode_body 000000
__Lintcodelo                     intcodelo    00000E
__Lintentry                      intentry     000000
__Lintret                        intret       000000
__Lintsave_regs                  intsave_regs 000000
__Lirdata                        irdata       000000
__Lmediumconst                   mediumconst  000000
__LnvBANK1                       nvBANK1      000000
__LnvFARRAM                      nvFARRAM     000000
__Lnvbit                         nvbit        000000
__Lnvrram                        nvrram       000000
__Lparam                         rparam       000000
__Lpowerup                       powerup      00000E
__Lram                           ram          000000
__Lramtop                        ramtop       000800
__Lrbit                          rbit         000000
__Lrbss                          rbss         000000
__Lrdata                         rdata        000000
__Lreset_vec                     reset_vec    000000
__Lrparam                        rparam       000000
__Lsfr                           sfr          000000
__Lsmallconst                    smallconst   000800
__Lspace_0                       (abs)        000000
__Lspace_1                       (abs)        000000
__Lspace_2                       (abs)        000000
__Lstack                         stack        000000
__Lstruct                        struct       000000
__Ltemp                          temp         00005D
__Ltext                          text         000000
__Ltext0                         text0        000000
__Ltext1                         text1        000000
__Ltext10                        text10       000000
__Ltext11                        text11       000000
__Ltext12                        text12       000000
__Ltext13                        text13       000000
__Ltext14                        text14       000000
__Ltext15                        text15       000000
__Ltext16                        text16       000000
__Ltext17                        text17       000000
__Ltext18                        text18       000000
__Ltext19                        text19       000000
__Ltext2                         text2        000000
__Ltext20                        text20       000000
__Ltext21                        text21       000000
__Ltext22                        text22       000000
__Ltext23                        text23       000000
__Ltext24                        text24       000000
__Ltext25                        text25       000000
__Ltext26                        text26       000000
__Ltext27                        text27       000000
__Ltext28                        text28       000000
__Ltext29                        text29       000000
__Ltext3                         text3        000000
__Ltext30                        text30       000000
__Ltext31                        text31       000000
__Ltext32                        text32       000000
__Ltext33                        text33       000000
__Ltext34                        text34       000000
__Ltext35                        text35       000000
__Ltext36                        text36       000000
__Ltext37                        text37       000000
__Ltext38                        text38       000000
__Ltext39                        text39       000000
__Ltext4                         text4        000000
__Ltext40                        text40       000000
__Ltext41                        text41       000000
__Ltext42                        text42       000000
__Ltext43                        text43       000000
__Ltext44                        text44       000000
__Ltext45                        text45       000000
__Ltext46                        text46       000000
__Ltext47                        text47       000000
__Ltext49                        text49       000000
__Ltext5                         text5        000000
__Ltext50                        text50       000000
__Ltext51                        text51       000000
__Ltext52                        text52       000000
__Ltext6                         text6        000000
__Ltext7                         text7        000000
__Ltext8                         text8        000000
__Ltext9                         text9        000000
__S0                             (abs)        30000E
__S1                             (abs)        00013F
__S2                             (abs)        000000
___aodiv                         text21       002F1A
___aodiv@counter                 cstackCOMRAM 000013
___aodiv@dividend                cstackCOMRAM 000003
___aodiv@divisor                 cstackCOMRAM 00000B
___aodiv@quotient                cstackCOMRAM 000015
___aodiv@sign                    cstackCOMRAM 000014
___aomod                         text20       00340A
___aomod@counter                 cstackCOMRAM 000013
___aomod@dividend                cstackCOMRAM 000003
___aomod@divisor                 cstackCOMRAM 00000B
___aomod@sign                    cstackCOMRAM 000014
___fladd                         text35       002024
___fladd@a                       cstackCOMRAM 00002E
___fladd@aexp                    cstackCOMRAM 000037
___fladd@b                       cstackCOMRAM 00002A
___fladd@bexp                    cstackCOMRAM 000038
___fladd@grs                     cstackCOMRAM 000039
___fladd@signs                   cstackCOMRAM 000036
___fldiv                         text37       002330
___fldiv@a                       cstackCOMRAM 000046
___fldiv@aexp                    cstackCOMRAM 00005A
___fldiv@b                       cstackCOMRAM 000042
___fldiv@bexp                    cstackCOMRAM 000059
___fldiv@grs                     cstackCOMRAM 000055
___fldiv@new_exp                 cstackCOMRAM 000053
___fldiv@rem                     cstackCOMRAM 00004E
___fldiv@sign                    cstackCOMRAM 000052
___flmul                         text36       001CD2
___flmul@a                       cstackCOMRAM 000015
___flmul@aexp                    cstackCOMRAM 000022
___flmul@b                       cstackCOMRAM 000011
___flmul@bexp                    cstackCOMRAM 000023
___flmul@grs                     cstackCOMRAM 00001E
___flmul@prod                    cstackCOMRAM 000024
___flmul@sign                    cstackCOMRAM 00001D
___flmul@temp                    cstackCOMRAM 000028
___flsub                         text34       003E22
___flsub@a                       cstackCOMRAM 00003E
___flsub@b                       cstackCOMRAM 00003A
___fltol                         text38       0038D0
___fltol@exp1                    cstackBANK0  000069
___fltol@f1                      cstackBANK0  000060
___fltol@sign1                   cstackBANK0  000068
___inthi_sp                      stack        000000
___intlo_sp                      stack        000000
___lodiv                         text14       003802
___lodiv@counter                 cstackCOMRAM 00001B
___lodiv@dividend                cstackCOMRAM 000003
___lodiv@divisor                 cstackCOMRAM 00000B
___lodiv@quotient                cstackCOMRAM 000013
___lomod                         text13       003A3C
___lomod@counter                 cstackCOMRAM 000013
___lomod@dividend                cstackCOMRAM 000003
___lomod@divisor                 cstackCOMRAM 00000B
___param_bank                    (abs)        000000
___rparam_used                   (abs)        000001
___sp                            stack        000000
___wmul                          text30       0041AC
___wmul@multiplicand             cstackCOMRAM 000005
___wmul@multiplier               cstackCOMRAM 000003
___wmul@product                  cstackCOMRAM 000007
___xxtofl                        text33       0031A2
___xxtofl@arg                    cstackCOMRAM 00000D
___xxtofl@exp                    cstackCOMRAM 00000C
___xxtofl@sign                   cstackCOMRAM 00000B
___xxtofl@val                    cstackCOMRAM 000003
__accesstop                      (abs)        000060
__activetblptr                   (abs)        000002
__end_of_ADC_Read                text51       004248
__end_of_ADC_setup               text41       003EAE
__end_of_BIT_0                   smallconst   00082C
__end_of_BIT_1                   smallconst   00082B
__end_of_BIT_2                   smallconst   00082A
__end_of_BIT_3                   smallconst   000829
__end_of_BIT_4                   smallconst   000828
__end_of_BIT_5                   smallconst   000827
__end_of_BIT_6                   smallconst   000826
__end_of_BIT_7                   smallconst   000825
__end_of_DIG1                    smallconst   000833
__end_of_DIG2                    smallconst   00082E
__end_of_DIG3                    smallconst   00082D
__end_of_Lg1                     smallconst   000811
__end_of_Lg2                     smallconst   00080D
__end_of_Lg3                     smallconst   000809
__end_of_Lg4                     smallconst   000805
__end_of_OE                      smallconst   00082F
__end_of_Ohm2C                   text31       002BEA
__end_of_RCLK                    smallconst   000830
__end_of_SER                     smallconst   000834
__end_of_SRCLK                   smallconst   000832
__end_of_SRCLR                   smallconst   000831
__end_of___aodiv                 text21       003062
__end_of___aomod                 text20       00352E
__end_of___fladd                 text35       002330
__end_of___fldiv                 text37       0025B8
__end_of___flmul                 text36       002024
__end_of___flsub                 text34       003E68
__end_of___fltol                 text38       00398C
__end_of___lodiv                 text14       0038D0
__end_of___lomod                 text13       003AEA
__end_of___wmul                  text30       0041D2
__end_of___xxtofl                text33       0032E2
__end_of__initialization         cinit        003D24
__end_of_abs                     text19       004042
__end_of_atoi                    text27       0031A2
__end_of_character_table         text47       00372E
__end_of_counting_ISR            text49       004010
__end_of_ctoa                    text22       003DD8
__end_of_display3                text44       003A3C
__end_of_dtoa                    text18       0027FC
__end_of_fputc                   text25       003C34
__end_of_fputs                   text24       003FA8
__end_of_init_thermistor         text43       003F32
__end_of_isalpha                 text11       003FDC
__end_of_isdigit                 text29       004102
__end_of_islower                 text9        0040A2
__end_of_isspace                 text28       003F70
__end_of_isupper                 text10       0040D2
__end_of_ln2_hi                  smallconst   000819
__end_of_ln2_lo                  smallconst   000815
__end_of_logf                    text32       001CD2
__end_of_main                    text0        0041F0
__end_of_my_ISR                  intcode_body 004132
__end_of_otoa                    text17       002F1A
__end_of_pad                     text23       003CCA
__end_of_putch                   text26       004254
__end_of_send_digit              text46       003EF2
__end_of_sensorRead_ISR          text50       004186
__end_of_setupPortDisplay        text42       004224
__end_of_setupTemperatureSensor  text39       00420E
__end_of_setup_TMR0              text40       004238
__end_of_snprintf                text3        004072
__end_of_stoa                    text16       00340A
__end_of_strlen                  text45       00415C
__end_of_strncmp                 text15       003B94
__end_of_temperature             text1        0041AC
__end_of_toupper                 text8        003E22
__end_of_update_ADC_results      text2        00363C
__end_of_utoa                    text12       002D9A
__end_of_vfpfcnvrt               text6        0015E0
__end_of_vfprintf                text5        003D88
__end_of_vsnprintf               text4        003802
__end_of_xtoa                    text7        002A2A
__end_ofcharacter_table@a        smallconst   000823
__end_ofcharacter_table@b        smallconst   000822
__end_ofcharacter_table@c        smallconst   000821
__end_ofcharacter_table@d        smallconst   000820
__end_ofcharacter_table@e        smallconst   00081F
__end_ofcharacter_table@f        smallconst   00081E
__end_ofcharacter_table@g        smallconst   00081D
__end_ofcharacter_table@h        smallconst   00081C
__end_ofcharacter_table@o        smallconst   000824
__end_ofdisplay3@dig_mask        smallconst   00081A
__end_ofsend_digit@com_mask      smallconst   00081B
__initialization                 cinit        003CCA
__mediumconst                    mediumconst  000000
__pbssBANK0                      bssBANK0     0000EA
__pbssBANK1                      bssBANK1     000100
__pbssCOMRAM                     bssCOMRAM    00005B
__pcinit                         cinit        003CCA
__pcstackBANK0                   cstackBANK0  000060
__pcstackCOMRAM                  cstackCOMRAM 000001
__pdataBANK0                     dataBANK0    0000FC
__pdataBANK1                     dataBANK1    000136
__pidataBANK0                    idataBANK0   00424F
__pidataBANK1                    idataBANK1   004248
__pintcode                       intcode      000008
__pintcode_body                  intcode_body 004102
__pnvBANK1                       nvBANK1      00013D
__psmallconst                    smallconst   000800
__ptext0                         text0        0041D2
__ptext1                         text1        004186
__ptext10                        text10       0040A2
__ptext11                        text11       003FA8
__ptext12                        text12       002BEA
__ptext13                        text13       003A3C
__ptext14                        text14       003802
__ptext15                        text15       003AEA
__ptext16                        text16       0032E2
__ptext17                        text17       002D9A
__ptext18                        text18       0025B8
__ptext19                        text19       004010
__ptext2                         text2        00352E
__ptext20                        text20       00340A
__ptext21                        text21       002F1A
__ptext22                        text22       003D88
__ptext23                        text23       003C34
__ptext24                        text24       003F70
__ptext25                        text25       003B94
__ptext26                        text26       004252
__ptext27                        text27       003062
__ptext28                        text28       003F32
__ptext29                        text29       0040D2
__ptext3                         text3        004042
__ptext30                        text30       0041AC
__ptext31                        text31       002A2A
__ptext32                        text32       0015E0
__ptext33                        text33       0031A2
__ptext34                        text34       003E22
__ptext35                        text35       002024
__ptext36                        text36       001CD2
__ptext37                        text37       002330
__ptext38                        text38       0038D0
__ptext39                        text39       0041F0
__ptext4                         text4        00372E
__ptext40                        text40       004224
__ptext41                        text41       003E68
__ptext42                        text42       00420E
__ptext43                        text43       003EF2
__ptext44                        text44       00398C
__ptext45                        text45       004132
__ptext46                        text46       003EAE
__ptext47                        text47       00363C
__ptext49                        text49       003FDC
__ptext5                         text5        003D32
__ptext50                        text50       00415C
__ptext51                        text51       004238
__ptext52                        text52       000000
__ptext6                         text6        00086A
__ptext7                         text7        0027FC
__ptext8                         text8        003DD8
__ptext9                         text9        004072
__ramtop                         ramtop       000800
__size_of_ADC_Read               (abs)        000000
__size_of_ADC_setup              (abs)        000000
__size_of_Ohm2C                  (abs)        000000
__size_of___aodiv                (abs)        000000
__size_of___aomod                (abs)        000000
__size_of___fladd                (abs)        000000
__size_of___fldiv                (abs)        000000
__size_of___flmul                (abs)        000000
__size_of___flsub                (abs)        000000
__size_of___fltol                (abs)        000000
__size_of___lodiv                (abs)        000000
__size_of___lomod                (abs)        000000
__size_of___wmul                 (abs)        000000
__size_of___xxtofl               (abs)        000000
__size_of_abs                    (abs)        000000
__size_of_atoi                   (abs)        000000
__size_of_character_table        (abs)        000000
__size_of_counting_ISR           (abs)        000000
__size_of_ctoa                   (abs)        000000
__size_of_display3               (abs)        000000
__size_of_dtoa                   (abs)        000000
__size_of_fputc                  (abs)        000000
__size_of_fputs                  (abs)        000000
__size_of_init_thermistor        (abs)        000000
__size_of_isalpha                (abs)        000000
__size_of_isdigit                (abs)        000000
__size_of_islower                (abs)        000000
__size_of_isspace                (abs)        000000
__size_of_isupper                (abs)        000000
__size_of_logf                   (abs)        000000
__size_of_main                   (abs)        000000
__size_of_my_ISR                 (abs)        000000
__size_of_otoa                   (abs)        000000
__size_of_pad                    (abs)        000000
__size_of_putch                  (abs)        000000
__size_of_send_digit             (abs)        000000
__size_of_sensorRead_ISR         (abs)        000000
__size_of_setupPortDisplay       (abs)        000000
__size_of_setupTemperatureSensor (abs)        000000
__size_of_setup_TMR0             (abs)        000000
__size_of_snprintf               (abs)        000000
__size_of_stoa                   (abs)        000000
__size_of_strlen                 (abs)        000000
__size_of_strncmp                (abs)        000000
__size_of_temperature            (abs)        000000
__size_of_toupper                (abs)        000000
__size_of_update_ADC_results     (abs)        000000
__size_of_utoa                   (abs)        000000
__size_of_vfpfcnvrt              (abs)        000000
__size_of_vfprintf               (abs)        000000
__size_of_vsnprintf              (abs)        000000
__size_of_xtoa                   (abs)        000000
__smallconst                     smallconst   000800
_abs                             text19       004010
_atoi                            text27       003062
_atoi$1353                       cstackCOMRAM 000012
_atoi$1354                       cstackCOMRAM 000016
_atoi$1355                       cstackCOMRAM 000014
_buffer                          bssBANK0     0000F8
_character_table                 text47       00363C
_count                           dataBANK0    0000FE
_count_sec                       dataBANK0    0000FC
_count_sec_OLD                   bssBANK0     0000F0
_counting_ISR                    text49       003FDC
_ctoa                            text22       003D88
_dbuf                            bssBANK1     00010F
_display3                        text44       00398C
_dtoa                            text18       0025B8
_dtoa$147                        cstackCOMRAM 000030
_errno                           bssBANK0     0000EE
_flags                           bssCOMRAM    00005B
_fputc                           text25       003B94
_fputs                           text24       003F70
_init_thermistor                 text43       003EF2
_isalpha                         text11       003FA8
_isdigit                         text29       0040D2
_islower                         text9        004072
_isspace                         text28       003F32
_isspace$1380                    cstackCOMRAM 000009
_isupper                         text10       0040A2
_logf                            text32       0015E0
_logf$1782                       cstackBANK0  00009C
_logf$1783                       cstackBANK0  000076
_logf$1784                       cstackBANK0  00007A
_logf$1785                       cstackBANK0  00007E
_logf$1786                       cstackBANK0  000082
_main                            text0        0041D2
_my_ISR                          intcode      000008
_nout                            bssBANK0     0000F2
_otoa                            text17       002D9A
_pad                             text23       003C34
_prec                            bssBANK0     0000F6
_ptr_ISR                         nvBANK1      00013D
_putch                           text26       004252
_send_digit                      text46       003EAE
_sensorRead_ISR                  text50       00415C
_setupPortDisplay                text42       00420E
_setupTemperatureSensor          text39       0041F0
_setup_TMR0                      text40       004224
_snprintf                        text3        004042
_stoa                            text16       0032E2
_strlen                          text45       004132
_strncmp                         text15       003AEA
_temperature                     text1        004186
_thermistor                      bssBANK1     000100
_toupper                         text8        003DD8
_toupper$1488                    cstackCOMRAM 00000F
_update_ADC_results              text2        00352E
_utoa                            text12       002BEA
_vfpfcnvrt                       text6        00086A
_vfpfcnvrt$198                   cstackBANK0  000064
_vfpfcnvrt$199                   cstackBANK0  000066
_vfprintf                        text5        003D32
_vsnprintf                       text4        00372E
_vsnprintf$1520                  cstackBANK0  000083
_width                           bssBANK0     0000F4
_xtoa                            text7        0027FC
_xtoa$183                        cstackCOMRAM 000031
_xtoa$184                        cstackCOMRAM 000033
abs@a                            cstackCOMRAM 000015
atoi@n                           cstackCOMRAM 000017
atoi@neg                         cstackCOMRAM 000010
atoi@s                           cstackCOMRAM 00000A
btemp                            temp         00005D
character_table@h                smallconst   00081B
character_table@o                smallconst   000823
character_table@symbol           cstackCOMRAM 000005
ctoa@c                           cstackCOMRAM 000020
ctoa@fp                          cstackCOMRAM 00001E
ctoa@w                           cstackCOMRAM 000021
display3@bit                     cstackBANK0  0000E4
display3@csize                   cstackBANK0  0000E3
display3@data3                   cstackBANK0  0000DD
dtoa@d                           cstackCOMRAM 000020
dtoa@fp                          cstackCOMRAM 00001E
dtoa@i                           cstackCOMRAM 000040
dtoa@n                           cstackCOMRAM 000038
dtoa@p                           cstackCOMRAM 000032
dtoa@s                           cstackCOMRAM 000036
dtoa@w                           cstackCOMRAM 000034
end_of_initialization            cinit        003D24
fputc@c                          cstackCOMRAM 000003
fputc@fp                         cstackCOMRAM 000005
fputs@c                          cstackCOMRAM 000010
fputs@fp                         cstackCOMRAM 00000E
fputs@i                          cstackCOMRAM 000011
fputs@s                          cstackCOMRAM 00000C
int$flags                        temp         00005D
int_func                         intcode_body 004102
intlevel0                        text         000000
intlevel1                        text         000000
intlevel2                        text         000000
intlevel3                        text         000000
isalpha@c                        cstackCOMRAM 000003
isdigit@c                        cstackCOMRAM 000003
islower@c                        cstackCOMRAM 000003
isspace@c                        cstackCOMRAM 000003
isupper@c                        cstackCOMRAM 000003
logf@F469                        bssBANK0     0000EA
logf@R                           cstackBANK0  00006A
logf@dk                          cstackBANK0  00008C
logf@f                           cstackBANK0  0000A4
logf@hfsq                        cstackBANK0  000088
logf@ix                          cstackBANK0  0000A8
logf@k                           cstackBANK0  000086
logf@s                           cstackBANK0  000090
logf@t1                          cstackBANK0  00006E
logf@t2                          cstackBANK0  000072
logf@u                           cstackBANK0  0000A0
logf@w                           cstackBANK0  000098
logf@x                           cstackBANK0  000060
logf@z                           cstackBANK0  000094
otoa@d                           cstackCOMRAM 000020
otoa@fp                          cstackCOMRAM 00001E
otoa@i                           cstackCOMRAM 00003E
otoa@n                           cstackCOMRAM 000036
otoa@p                           cstackCOMRAM 000030
otoa@t                           cstackCOMRAM 000032
otoa@w                           cstackCOMRAM 000034
pad@buf                          cstackCOMRAM 000015
pad@fp                           cstackCOMRAM 000013
pad@i                            cstackCOMRAM 00001A
pad@p                            cstackCOMRAM 000017
pad@w                            cstackCOMRAM 00001C
send_digit@a                     cstackCOMRAM 000005
send_digit@data                  cstackCOMRAM 000006
send_digit@i                     cstackCOMRAM 000003
snprintf@ap                      cstackBANK0  0000D0
snprintf@fmt                     cstackBANK0  0000CA
snprintf@n                       cstackBANK0  0000C8
snprintf@s                       cstackBANK0  0000C6
stackhi                          (abs)        0007FF
stacklo                          (abs)        00013F
start                            init         00000E
start_initialization             cinit        003CCA
stoa@F1152                       dataBANK1    000136
stoa@cp                          cstackCOMRAM 00001C
stoa@fp                          cstackCOMRAM 00000C
stoa@i                           cstackCOMRAM 000018
stoa@l                           cstackCOMRAM 000020
stoa@nuls                        cstackCOMRAM 000011
stoa@p                           cstackCOMRAM 00001E
stoa@s                           cstackCOMRAM 00000E
stoa@w                           cstackCOMRAM 00001A
strlen@a                         cstackCOMRAM 000005
strlen@s                         cstackCOMRAM 000003
strncmp@_l                       cstackCOMRAM 000003
strncmp@_r                       cstackCOMRAM 000005
strncmp@l                        cstackCOMRAM 00000A
strncmp@n                        cstackCOMRAM 000007
strncmp@r                        cstackCOMRAM 00000C
toupper@c                        cstackCOMRAM 000009
ttemp5                           temp         00005E
ttemp6                           temp         000061
ttemp7                           temp         000065
update_ADC_results@Rt            cstackBANK0  0000D5
update_ADC_results@Vout          cstackBANK0  0000D7
utoa@d                           cstackCOMRAM 000020
utoa@fp                          cstackCOMRAM 00001E
utoa@i                           cstackCOMRAM 00003C
utoa@n                           cstackCOMRAM 000034
utoa@p                           cstackCOMRAM 000030
utoa@w                           cstackCOMRAM 000032
vfpfcnvrt@ap                     cstackCOMRAM 000049
vfpfcnvrt@c                      cstackBANK0  000072
vfpfcnvrt@cp                     cstackBANK0  000060
vfpfcnvrt@done                   cstackBANK0  000062
vfpfcnvrt@fmt                    cstackCOMRAM 000047
vfpfcnvrt@fp                     cstackCOMRAM 000045
vfpfcnvrt@ll                     cstackBANK0  000068
vfpfcnvrt@llu                    cstackBANK0  000073
vfpfcnvrt@vp                     cstackBANK0  000070
vfprintf@ap                      cstackCOMRAM 000053
vfprintf@cfmt                    cstackCOMRAM 000055
vfprintf@fmt                     cstackCOMRAM 000051
vfprintf@fp                      cstackCOMRAM 00004F
vsnprintf@ap                     cstackBANK0  000081
vsnprintf@cnt                    cstackBANK0  000085
vsnprintf@f                      cstackBANK0  000087
vsnprintf@fmt                    cstackBANK0  00007F
vsnprintf@n                      cstackBANK0  00007D
vsnprintf@s                      cstackBANK0  00007B
wtemp8                           temp         00005E
xtoa@c                           cstackCOMRAM 000043
xtoa@d                           cstackCOMRAM 000020
xtoa@fp                          cstackCOMRAM 00001E
xtoa@i                           cstackCOMRAM 000041
xtoa@n                           cstackCOMRAM 000039
xtoa@p                           cstackCOMRAM 000035
xtoa@w                           cstackCOMRAM 000037
xtoa@x                           cstackCOMRAM 000028


FUNCTION INFORMATION:

 *************** function _main *****************
 Defined at:
		line 56 in file "main.c"
 Parameters:    Size  Location     Type
  argc            2  133[BANK0 ] int 
  argv            3  135[BANK0 ] PTR PTR unsigned char 
 Auto vars:     Size  Location     Type
		None
 Return value:  Size  Location     Type
                  2  133[BANK0 ] int 
 Registers used:
		wreg, fsr1l, fsr1h, fsr2l, fsr2h, status,2, status,0, tblptrl, tblptrh, tblptru, prodl, prodh, cstack
 Tracked objects:
		On entry : 
		On exit  : 
		Unchanged: 
 Data sizes:     COMRAM   BANK0   BANK1   BANK2   BANK3   BANK4   BANK5   BANK6   BANK7
      Params:         0       5       0       0       0       0       0       0       0
      Locals:         0       0       0       0       0       0       0       0       0
      Temps:          0       0       0       0       0       0       0       0       0
      Totals:         0       5       0       0       0       0       0       0       0
Total ram usage:        5 bytes
 Hardware stack levels required when called:   14
 This function calls:
		_display3
		_init_thermistor
		_setupPortDisplay
		_setupTemperatureSensor
		_temperature
 This function is called by:
		Startup code after reset
 This function uses a non-reentrant model


 *************** function _temperature *****************
 Defined at:
		line 114 in file "source/temperatureSensor.c"
 Parameters:    Size  Location     Type
		None
 Auto vars:     Size  Location     Type
		None
 Return value:  Size  Location     Type
                  2  123[BANK0 ] PTR unsigned char 
 Registers used:
		wreg, fsr1l, fsr1h, fsr2l, fsr2h, status,2, status,0, tblptrl, tblptrh, tblptru, prodl, prodh, cstack
 Tracked objects:
		On entry : 
		On exit  : 
		Unchanged: 
 Data sizes:     COMRAM   BANK0   BANK1   BANK2   BANK3   BANK4   BANK5   BANK6   BANK7
      Params:         0       2       0       0       0       0       0       0       0
      Locals:         0       0       0       0       0       0       0       0       0
      Temps:          0       0       0       0       0       0       0       0       0
      Totals:         0       2       0       0       0       0       0       0       0
Total ram usage:        2 bytes
 Hardware stack levels used:    1
 Hardware stack levels required when called:   13
 This function calls:
		_update_ADC_results
 This function is called by:
		_main
 This function uses a non-reentrant model


 *************** function _update_ADC_results *****************
 Defined at:
		line 98 in file "source/temperatureSensor.c"
 Parameters:    Size  Location     Type
		None
 Auto vars:     Size  Location     Type
  Vout            4  119[BANK0 ] PTR unsigned char 
  Rt              2  117[BANK0 ] unsigned int 
 Return value:  Size  Location     Type
                  2  114[BANK0 ] PTR unsigned char 
 Registers used:
		wreg, fsr1l, fsr1h, fsr2l, fsr2h, status,2, status,0, tblptrl, tblptrh, tblptru, prodl, prodh, cstack
 Tracked objects:
		On entry : 
		On exit  : 
		Unchanged: 
 Data sizes:     COMRAM   BANK0   BANK1   BANK2   BANK3   BANK4   BANK5   BANK6   BANK7
      Params:         0       2       0       0       0       0       0       0       0
      Locals:         0       6       0       0       0       0       0       0       0
      Temps:          0       1       0       0       0       0       0       0       0
      Totals:         0       9       0       0       0       0       0       0       0
Total ram usage:        9 bytes
 Hardware stack levels used:    1
 Hardware stack levels required when called:   12
 This function calls:
		_Ohm2C
		___fldiv
		___flmul
		___flsub
		___fltol
		___xxtofl
		_snprintf
 This function is called by:
		_temperature
 This function uses a non-reentrant model


 *************** function _snprintf *****************
 Defined at:
		line 4 in file "C:\Program Files (x86)\Microchip\xc8\v2.05\pic\sources\c99\common\snprintf.c"
 Parameters:    Size  Location     Type
  s               2  102[BANK0 ] PTR unsigned char 
		 -> ADC_results(7), buffer(4), 
  n               2  104[BANK0 ] unsigned int 
  fmt             2  106[BANK0 ] PTR const unsigned char 
		 -> STR_101(3), STR_100(3), 
 Auto vars:     Size  Location     Type
  ap              2  112[BANK0 ] PTR void [1]
		 -> ?_snprintf(2), 
  ret             2    0        int 
 Return value:  Size  Location     Type
                  2  102[BANK0 ] int 
 Registers used:
		wreg, fsr1l, fsr1h, fsr2l, fsr2h, status,2, status,0, tblptrl, tblptrh, tblptru, prodl, prodh, cstack
 Tracked objects:
		On entry : 
		On exit  : 
		Unchanged: 
 Data sizes:     COMRAM   BANK0   BANK1   BANK2   BANK3   BANK4   BANK5   BANK6   BANK7
      Params:         0       8       0       0       0       0       0       0       0
      Locals:         0       4       0       0       0       0       0       0       0
      Temps:          0       0       0       0       0       0       0       0       0
      Totals:         0      12       0       0       0       0       0       0       0
Total ram usage:       12 bytes
 Hardware stack levels used:    1
 Hardware stack levels required when called:   11
 This function calls:
		_vsnprintf
 This function is called by:
		_update_ADC_results
 This function uses a non-reentrant model


 *************** function _vsnprintf *****************
 Defined at:
		line 11 in file "C:\Program Files (x86)\Microchip\xc8\v2.05\pic\sources\c99\common\nf_vsnprintf.c"
 Parameters:    Size  Location     Type
  s               2   27[BANK0 ] PTR unsigned char 
		 -> ADC_results(7), buffer(4), 
  n               2   29[BANK0 ] unsigned int 
  fmt             2   31[BANK0 ] PTR const unsigned char 
		 -> STR_101(3), STR_100(3), 
  ap              2   33[BANK0 ] PTR PTR void 
		 -> snprintf@ap(2), 
 Auto vars:     Size  Location     Type
  f               6   39[BANK0 ] struct _IO_FILE
  cnt             2   37[BANK0 ] int 
 Return value:  Size  Location     Type
                  2   27[BANK0 ] int 
 Registers used:
		wreg, fsr1l, fsr1h, fsr2l, fsr2h, status,2, status,0, tblptrl, tblptrh, tblptru, prodl, prodh, cstack
 Tracked objects:
		On entry : 
		On exit  : 
		Unchanged: 
 Data sizes:     COMRAM   BANK0   BANK1   BANK2   BANK3   BANK4   BANK5   BANK6   BANK7
      Params:         0       8       0       0       0       0       0       0       0
      Locals:         0      10       0       0       0       0       0       0       0
      Temps:          4       0       0       0       0       0       0       0       0
      Totals:         4      18       0       0       0       0       0       0       0
Total ram usage:       22 bytes
 Hardware stack levels used:    1
 Hardware stack levels required when called:   10
 This function calls:
		_vfprintf
 This function is called by:
		_snprintf
 This function uses a non-reentrant model


 *************** function _vfprintf *****************
 Defined at:
		line 1368 in file "C:\Program Files (x86)\Microchip\xc8\v2.05\pic\sources\c99\common\doprnt.c"
 Parameters:    Size  Location     Type
  fp              2   78[COMRAM] PTR struct _IO_FILE
		 -> vsnprintf@f(6), 
  fmt             2   80[COMRAM] PTR const unsigned char 
		 -> STR_101(3), STR_100(3), 
  ap              2   82[COMRAM] PTR PTR void 
		 -> snprintf@ap(2), 
 Auto vars:     Size  Location     Type
  cfmt            2   84[COMRAM] PTR unsigned char 
		 -> STR_101(3), STR_100(3), 
 Return value:  Size  Location     Type
                  2   78[COMRAM] int 
 Registers used:
		wreg, fsr1l, fsr1h, fsr2l, fsr2h, status,2, status,0, tblptrl, tblptrh, tblptru, prodl, prodh, cstack
 Tracked objects:
		On entry : 
		On exit  : 
		Unchanged: 
 Data sizes:     COMRAM   BANK0   BANK1   BANK2   BANK3   BANK4   BANK5   BANK6   BANK7
      Params:         6       0       0       0       0       0       0       0       0
      Locals:         2       0       0       0       0       0       0       0       0
      Temps:          0       0       0       0       0       0       0       0       0
      Totals:         8       0       0       0       0       0       0       0       0
Total ram usage:        8 bytes
 Hardware stack levels used:    1
 Hardware stack levels required when called:    9
 This function calls:
		_vfpfcnvrt
 This function is called by:
		_vsnprintf
 This function uses a non-reentrant model


 *************** function _vfpfcnvrt *****************
 Defined at:
		line 670 in file "C:\Program Files (x86)\Microchip\xc8\v2.05\pic\sources\c99\common\doprnt.c"
 Parameters:    Size  Location     Type
  fp              2   68[COMRAM] PTR struct _IO_FILE
		 -> vsnprintf@f(6), 
  fmt             2   70[COMRAM] PTR PTR unsigned char 
		 -> vfprintf@cfmt(2), 
  ap              2   72[COMRAM] PTR PTR void 
		 -> snprintf@ap(2), 
 Auto vars:     Size  Location     Type
  llu             8   19[BANK0 ] unsigned long long 
  ll              8    8[BANK0 ] long long 
  f               4    0        long long 
  ct              3    0        unsigned char [3]
  vp              2   16[BANK0 ] PTR void 
		 -> ?_snprintf(2), 
  done            2    2[BANK0 ] int 
  cp              2    0[BANK0 ] PTR unsigned char 
		 -> ?_snprintf(2), 
  i               2    0        int 
  c               1   18[BANK0 ] unsigned char 
 Return value:  Size  Location     Type
                  2   68[COMRAM] int 
 Registers used:
		wreg, fsr1l, fsr1h, fsr2l, fsr2h, status,2, status,0, tblptrl, tblptrh, tblptru, prodl, prodh, cstack
 Tracked objects:
		On entry : 
		On exit  : 
		Unchanged: 
 Data sizes:     COMRAM   BANK0   BANK1   BANK2   BANK3   BANK4   BANK5   BANK6   BANK7
      Params:         6       0       0       0       0       0       0       0       0
      Locals:         0      27       0       0       0       0       0       0       0
      Temps:          4       0       0       0       0       0       0       0       0
      Totals:        10      27       0       0       0       0       0       0       0
Total ram usage:       37 bytes
 Hardware stack levels used:    1
 Hardware stack levels required when called:    8
 This function calls:
		_atoi
		_ctoa
		_dtoa
		_fputc
		_isdigit
		_otoa
		_stoa
		_strncmp
		_utoa
		_xtoa
 This function is called by:
		_vfprintf
 This function uses a non-reentrant model


 *************** function _xtoa *****************
 Defined at:
		line 623 in file "C:\Program Files (x86)\Microchip\xc8\v2.05\pic\sources\c99\common\doprnt.c"
 Parameters:    Size  Location     Type
  fp              2   29[COMRAM] PTR struct _IO_FILE
		 -> vsnprintf@f(6), 
  d               8   31[COMRAM] unsigned long long 
  x               1   39[COMRAM] unsigned char 
 Auto vars:     Size  Location     Type
  n               8   56[COMRAM] unsigned long long 
  c               2   66[COMRAM] int 
  i               2   64[COMRAM] int 
  w               2   54[COMRAM] int 
  p               2   52[COMRAM] int 
 Return value:  Size  Location     Type
                  2   29[COMRAM] int 
 Registers used:
		wreg, fsr1l, fsr1h, fsr2l, fsr2h, status,2, status,0, cstack
 Tracked objects:
		On entry : 
		On exit  : 
		Unchanged: 
 Data sizes:     COMRAM   BANK0   BANK1   BANK2   BANK3   BANK4   BANK5   BANK6   BANK7
      Params:        11       0       0       0       0       0       0       0       0
      Locals:        20       0       0       0       0       0       0       0       0
      Temps:          8       0       0       0       0       0       0       0       0
      Totals:        39       0       0       0       0       0       0       0       0
Total ram usage:       39 bytes
 Hardware stack levels used:    1
 Hardware stack levels required when called:    7
 This function calls:
		_isalpha
		_isupper
		_pad
		_toupper
 This function is called by:
		_vfpfcnvrt
 This function uses a non-reentrant model


 *************** function _toupper *****************
 Defined at:
		line 4 in file "C:\Program Files (x86)\Microchip\xc8\v2.05\pic\sources\c99\common\toupper.c"
 Parameters:    Size  Location     Type
  c               2    8[COMRAM] int 
 Auto vars:     Size  Location     Type
		None
 Return value:  Size  Location     Type
                  2    8[COMRAM] int 
 Registers used:
		wreg, status,2, status,0
 Tracked objects:
		On entry : 
		On exit  : 
		Unchanged: 
 Data sizes:     COMRAM   BANK0   BANK1   BANK2   BANK3   BANK4   BANK5   BANK6   BANK7
      Params:         2       0       0       0       0       0       0       0       0
      Locals:         2       0       0       0       0       0       0       0       0
      Temps:          4       0       0       0       0       0       0       0       0
      Totals:         8       0       0       0       0       0       0       0       0
Total ram usage:        8 bytes
 Hardware stack levels used:    1
 Hardware stack levels required when called:    4
 This function calls:
		_islower
 This function is called by:
		_xtoa
 This function uses a non-reentrant model


 *************** function _islower *****************
 Defined at:
		line 5 in file "C:\Program Files (x86)\Microchip\xc8\v2.05\pic\sources\c99\common\islower.c"
 Parameters:    Size  Location     Type
  c               2    2[COMRAM] int 
 Auto vars:     Size  Location     Type
		None
 Return value:  Size  Location     Type
                  2    2[COMRAM] int 
 Registers used:
		wreg, status,2, status,0
 Tracked objects:
		On entry : 
		On exit  : 
		Unchanged: 
 Data sizes:     COMRAM   BANK0   BANK1   BANK2   BANK3   BANK4   BANK5   BANK6   BANK7
      Params:         2       0       0       0       0       0       0       0       0
      Locals:         0       0       0       0       0       0       0       0       0
      Temps:          4       0       0       0       0       0       0       0       0
      Totals:         6       0       0       0       0       0       0       0       0
Total ram usage:        6 bytes
 Hardware stack levels used:    1
 Hardware stack levels required when called:    3
 This function calls:
		Nothing
 This function is called by:
		_toupper
 This function uses a non-reentrant model


 *************** function _isupper *****************
 Defined at:
		line 5 in file "C:\Program Files (x86)\Microchip\xc8\v2.05\pic\sources\c99\common\isupper.c"
 Parameters:    Size  Location     Type
  c               2    2[COMRAM] int 
 Auto vars:     Size  Location     Type
		None
 Return value:  Size  Location     Type
                  2    2[COMRAM] int 
 Registers used:
		wreg, status,2, status,0
 Tracked objects:
		On entry : 
		On exit  : 
		Unchanged: 
 Data sizes:     COMRAM   BANK0   BANK1   BANK2   BANK3   BANK4   BANK5   BANK6   BANK7
      Params:         2       0       0       0       0       0       0       0       0
      Locals:         0       0       0       0       0       0       0       0       0
      Temps:          4       0       0       0       0       0       0       0       0
      Totals:         6       0       0       0       0       0       0       0       0
Total ram usage:        6 bytes
 Hardware stack levels used:    1
 Hardware stack levels required when called:    3
 This function calls:
		Nothing
 This function is called by:
		_xtoa
 This function uses a non-reentrant model


 *************** function _isalpha *****************
 Defined at:
		line 5 in file "C:\Program Files (x86)\Microchip\xc8\v2.05\pic\sources\c99\common\isalpha.c"
 Parameters:    Size  Location     Type
  c               2    2[COMRAM] int 
 Auto vars:     Size  Location     Type
		None
 Return value:  Size  Location     Type
                  2    2[COMRAM] int 
 Registers used:
		wreg, status,2, status,0
 Tracked objects:
		On entry : 
		On exit  : 
		Unchanged: 
 Data sizes:     COMRAM   BANK0   BANK1   BANK2   BANK3   BANK4   BANK5   BANK6   BANK7
      Params:         2       0       0       0       0       0       0       0       0
      Locals:         0       0       0       0       0       0       0       0       0
      Temps:          4       0       0       0       0       0       0       0       0
      Totals:         6       0       0       0       0       0       0       0       0
Total ram usage:        6 bytes
 Hardware stack levels used:    1
 Hardware stack levels required when called:    3
 This function calls:
		Nothing
 This function is called by:
		_xtoa
 This function uses a non-reentrant model


 *************** function _utoa *****************
 Defined at:
		line 593 in file "C:\Program Files (x86)\Microchip\xc8\v2.05\pic\sources\c99\common\doprnt.c"
 Parameters:    Size  Location     Type
  fp              2   29[COMRAM] PTR struct _IO_FILE
		 -> vsnprintf@f(6), 
  d               8   31[COMRAM] unsigned long long 
 Auto vars:     Size  Location     Type
  n               8   51[COMRAM] unsigned long long 
  i               2   59[COMRAM] int 
  w               2   49[COMRAM] int 
  p               2   47[COMRAM] int 
 Return value:  Size  Location     Type
                  2   29[COMRAM] int 
 Registers used:
		wreg, fsr1l, fsr1h, fsr2l, fsr2h, status,2, status,0, cstack
 Tracked objects:
		On entry : 
		On exit  : 
		Unchanged: 
 Data sizes:     COMRAM   BANK0   BANK1   BANK2   BANK3   BANK4   BANK5   BANK6   BANK7
      Params:        10       0       0       0       0       0       0       0       0
[...]
 Defined at:
		line 16 in file "main.c"
 Parameters:    Size  Location     Type
		None
 Auto vars:     Size  Location     Type
		None
 Return value:  Size  Location     Type
                  1    wreg      void 
 Registers used:
		wreg, status,2
 Tracked objects:
		On entry : 
		On exit  : 
		Unchanged: 
 Data sizes:     COMRAM   BANK0   BANK1   BANK2   BANK3   BANK4   BANK5   BANK6   BANK7
      Params:         0       0       0       0       0       0       0       0       0
      Locals:         0       0       0       0       0       0       0       0       0
      Temps:          0       0       0       0       0       0       0       0       0
      Totals:         0       0       0       0       0       0       0       0       0
Total ram usage:        0 bytes
 Hardware stack levels used:    1
 Hardware stack levels required when called:    3
 This function calls:
		Nothing
 This function is called by:
		_main
 This function uses a non-reentrant model


 *************** function _display3 *****************
 Defined at:
		line 182 in file "Display.c"
 Parameters:    Size  Location     Type
  data3           2  125[BANK0 ] PTR const unsigned char 
		 -> ADC_results.buffer(4), ADC_results(7), buffer(4), 
 Auto vars:     Size  Location     Type
  bit             1  132[BANK0 ] volatile unsigned char 
  csize           1  131[BANK0 ] unsigned char 
 Return value:  Size  Location     Type
                  1    wreg      void 
 Registers used:
		wreg, fsr2l, fsr2h, status,2, status,0, tblptrl, tblptrh, tblptru, cstack
 Tracked objects:
		On entry : 
		On exit  : 
		Unchanged: 
 Data sizes:     COMRAM   BANK0   BANK1   BANK2   BANK3   BANK4   BANK5   BANK6   BANK7
      Params:         0       2       0       0       0       0       0       0       0
      Locals:         0       2       0       0       0       0       0       0       0
      Temps:          0       4       0       0       0       0       0       0       0
      Totals:         0       8       0       0       0       0       0       0       0
Total ram usage:        8 bytes
 Hardware stack levels used:    1
 Hardware stack levels required when called:    4
 This function calls:
		_character_table
		_send_digit
		_strlen
 This function is called by:
		_main
 This function uses a non-reentrant model


 *************** function _strlen *****************
 Defined at:
		line 12 in file "C:\Program Files (x86)\Microchip\xc8\v2.05\pic\sources\c99\common\strlen.c"
 Parameters:    Size  Location     Type
  s               2    2[COMRAM] PTR const unsigned char 
		 -> ?_snprintf(2), ADC_results.buffer(4), ADC_results(7), buffer(4), 
		 -> stoa@nuls(7), dbuf(32), 
 Auto vars:     Size  Location     Type
  a               2    4[COMRAM] PTR const unsigned char 
		 -> ?_snprintf(2), ADC_results.buffer(4), ADC_results(7), buffer(4), 
		 -> stoa@nuls(7), dbuf(32), 
 Return value:  Size  Location     Type
                  2    2[COMRAM] unsigned int 
 Registers used:
		wreg, fsr2l, fsr2h, status,2, status,0
 Tracked objects:
		On entry : 
		On exit  : 
		Unchanged: 
 Data sizes:     COMRAM   BANK0   BANK1   BANK2   BANK3   BANK4   BANK5   BANK6   BANK7
      Params:         2       0       0       0       0       0       0       0       0
      Locals:         2       0       0       0       0       0       0       0       0
      Temps:          0       0       0       0       0       0       0       0       0
      Totals:         4       0       0       0       0       0       0       0       0
Total ram usage:        4 bytes
 Hardware stack levels used:    1
 Hardware stack levels required when called:    3
 This function calls:
		Nothing
 This function is called by:
		_pad
		_stoa
		_display3
 This function uses a non-reentrant model


 *************** function _send_digit *****************
 Defined at:
		line 161 in file "Display.c"
 Parameters:    Size  Location     Type
  data            1    wreg     unsigned char 
 Auto vars:     Size  Location     Type
  data            1    5[COMRAM] unsigned char 
  i               2    2[COMRAM] int 
  a               1    4[COMRAM] unsigned char 
 Return value:  Size  Location     Type
                  1    wreg      void 
 Registers used:
		wreg, status,2, status,0
 Tracked objects:
		On entry : 
		On exit  : 
		Unchanged: 
 Data sizes:     COMRAM   BANK0   BANK1   BANK2   BANK3   BANK4   BANK5   BANK6   BANK7
      Params:         0       0       0       0       0       0       0       0       0
      Locals:         4       0       0       0       0       0       0       0       0
      Temps:          0       0       0       0       0       0       0       0       0
      Totals:         4       0       0       0       0       0       0       0       0
Total ram usage:        4 bytes
 Hardware stack levels used:    1
 Hardware stack levels required when called:    3
 This function calls:
		Nothing
 This function is called by:
		_display3
 This function uses a non-reentrant model


 *************** function _character_table *****************
 Defined at:
		line 121 in file "Display.c"
 Parameters:    Size  Location     Type
  symbol          1    wreg     unsigned char 
 Auto vars:     Size  Location     Type
  symbol          1    4[COMRAM] unsigned char 
 Return value:  Size  Location     Type
                  1    wreg      unsigned char 
 Registers used:
		wreg, status,2, status,0, tblptrl, tblptrh, tblptru
 Tracked objects:
		On entry : 
		On exit  : 
		Unchanged: 
 Data sizes:     COMRAM   BANK0   BANK1   BANK2   BANK3   BANK4   BANK5   BANK6   BANK7
      Params:         0       0       0       0       0       0       0       0       0
      Locals:         1       0       0       0       0       0       0       0       0
      Temps:          2       0       0       0       0       0       0       0       0
      Totals:         3       0       0       0       0       0       0       0       0
Total ram usage:        3 bytes
 Hardware stack levels used:    1
 Hardware stack levels required when called:    3
 This function calls:
		Nothing
 This function is called by:
		_display3
 This function uses a non-reentrant model


 *************** function _my_ISR *****************
 Defined at:
		line 216 in file "Display.c"
 Parameters:    Size  Location     Type
		None
 Auto vars:     Size  Location     Type
		None
 Return value:  Size  Location     Type
                  1    wreg      void 
 Registers used:
		wreg, status,2, status,0, pclath, tosl, cstack
 Tracked objects:
		On entry : 
		On exit  : 
		Unchanged: 
 Data sizes:     COMRAM   BANK0   BANK1   BANK2   BANK3   BANK4   BANK5   BANK6   BANK7
      Params:         0       0       0       0       0       0       0       0       0
      Locals:         0       0       0       0       0       0       0       0       0
      Temps:          2       0       0       0       0       0       0       0       0
      Totals:         2       0       0       0       0       0       0       0       0
Total ram usage:        2 bytes
 Hardware stack levels used:    1
 Hardware stack levels required when called:    2
 This function calls:
		Absolute function
		_counting_ISR
		_sensorRead_ISR
 This function is called by:
		Interrupt level 2
 This function uses a non-reentrant model


 *************** function _counting_ISR *****************
 Defined at:
		line 222 in file "Display.c"
 Parameters:    Size  Location     Type
		None
 Auto vars:     Size  Location     Type
		None
 Return value:  Size  Location     Type
                  1    wreg      void 
 Registers used:
		wreg, status,2, status,0
 Tracked objects:
		On entry : 
		On exit  : 
		Unchanged: 
 Data sizes:     COMRAM   BANK0   BANK1   BANK2   BANK3   BANK4   BANK5   BANK6   BANK7
      Params:         0       0       0       0       0       0       0       0       0
      Locals:         0       0       0       0       0       0       0       0       0
      Temps:          0       0       0       0       0       0       0       0       0
      Totals:         0       0       0       0       0       0       0       0       0
Total ram usage:        0 bytes
 Hardware stack levels used:    1
 This function calls:
		Nothing
 This function is called by:
		_sensorRead_ISR
		_my_ISR
 This function uses a non-reentrant model


 *************** function _sensorRead_ISR *****************
 Defined at:
		line 122 in file "source/temperatureSensor.c"
 Parameters:    Size  Location     Type
		None
 Auto vars:     Size  Location     Type
		None
 Return value:  Size  Location     Type
                  1    wreg      void 
 Registers used:
		wreg, status,2, status,0, cstack
 Tracked objects:
		On entry : 
		On exit  : 
		Unchanged: 
 Data sizes:     COMRAM   BANK0   BANK1   BANK2   BANK3   BANK4   BANK5   BANK6   BANK7
      Params:         0       0       0       0       0       0       0       0       0
      Locals:         0       0       0       0       0       0       0       0       0
      Temps:          0       0       0       0       0       0       0       0       0
      Totals:         0       0       0       0       0       0       0       0       0
Total ram usage:        0 bytes
 Hardware stack levels used:    1
 Hardware stack levels required when called:    1
 This function calls:
		_ADC_Read
		_counting_ISR
 This function is called by:
		_setupTemperatureSensor
		_my_ISR
 This function uses a non-reentrant model


 *************** function _ADC_Read *****************
 Defined at:
		line 108 in file "source/temperatureSensor.c"
 Parameters:    Size  Location     Type
		None
 Auto vars:     Size  Location     Type
		None
 Return value:  Size  Location     Type
                  1    wreg      void 
 Registers used:
		wreg, status,2
 Tracked objects:
		On entry : 
		On exit  : 
		Unchanged: 
 Data sizes:     COMRAM   BANK0   BANK1   BANK2   BANK3   BANK4   BANK5   BANK6   BANK7
      Params:         0       0       0       0       0       0       0       0       0
      Locals:         0       0       0       0       0       0       0       0       0
      Temps:          0       0       0       0       0       0       0       0       0
      Totals:         0       0       0       0       0       0       0       0       0
Total ram usage:        0 bytes
 Hardware stack levels used:    1
 This function calls:
		Nothing
 This function is called by:
		_sensorRead_ISR
 This function uses a non-reentrant model



MODULE INFORMATION

Module		Function		Class		Link	Load	Size
C:\Program Files (x86)\Microchip\xc8\v2.05\pic\sources\c99\common\putch.c
		_putch         		CODE           	4252	0000	3

C:\Program Files (x86)\Microchip\xc8\v2.05\pic\sources\c99\common\putch.c estimated size: 3

C:\Program Files (x86)\Microchip\xc8\v2.05\pic\sources\c99\common\snprintf.c
		_snprintf      		CODE           	4042	0000	49

C:\Program Files (x86)\Microchip\xc8\v2.05\pic\sources\c99\common\snprintf.c estimated size: 49

C:\Program Files (x86)\Microchip\xc8\v2.05\pic\sources\c99\common\nf_fputc.c
		_fputc         		CODE           	3B94	0000	161

C:\Program Files (x86)\Microchip\xc8\v2.05\pic\sources\c99\common\nf_fputc.c estimated size: 161

C:\Program Files (x86)\Microchip\xc8\v2.05\pic\sources\c99\common\islower.c
		_islower       		CODE           	4072	0000	49

C:\Program Files (x86)\Microchip\xc8\v2.05\pic\sources\c99\common\islower.c estimated size: 49

C:\Program Files (x86)\Microchip\xc8\v2.05\pic\sources\c99\common\lodiv.c
		___lodiv       		CODE           	3802	0000	207

C:\Program Files (x86)\Microchip\xc8\v2.05\pic\sources\c99\common\lodiv.c estimated size: 207

C:\Program Files (x86)\Microchip\xc8\v2.05\pic\sources\c99\common\aodiv.c
		___aodiv       		CODE           	2F1A	0000	329

C:\Program Files (x86)\Microchip\xc8\v2.05\pic\sources\c99\common\aodiv.c estimated size: 329

C:\Program Files (x86)\Microchip\xc8\v2.05\pic\sources\c99\common\xxtofl.c
		___xxtofl      		CODE           	31A2	0000	321

C:\Program Files (x86)\Microchip\xc8\v2.05\pic\sources\c99\common\xxtofl.c estimated size: 321

C:\Program Files (x86)\Microchip\xc8\v2.05\pic\sources\c99\common\isupper.c
		_isupper       		CODE           	40A2	0000	49

C:\Program Files (x86)\Microchip\xc8\v2.05\pic\sources\c99\common\isupper.c estimated size: 49

C:\Program Files (x86)\Microchip\xc8\v2.05\pic\sources\c99\common\toupper.c
		_toupper       		CODE           	3DD8	0000	75

C:\Program Files (x86)\Microchip\xc8\v2.05\pic\sources\c99\common\toupper.c estimated size: 75

C:\Program Files (x86)\Microchip\xc8\v2.05\pic\sources\c99\common\strlen.c
		_strlen        		CODE           	4132	0000	43

C:\Program Files (x86)\Microchip\xc8\v2.05\pic\sources\c99\common\strlen.c estimated size: 43

C:\Program Files (x86)\Microchip\xc8\v2.05\pic\sources\c99\common\isspace.c
		_isspace       		CODE           	3F32	0000	63

C:\Program Files (x86)\Microchip\xc8\v2.05\pic\sources\c99\common\isspace.c estimated size: 63

source/temperatureSensor.c
		_sensorRead_ISR		CODE           	415C	0000	43
		_temperature   		CODE           	4186	0000	39
		_setupTemperatureSensor		CODE           	41F0	0000	31
		_update_ADC_results		CODE           	352E	0000	271
		_ADC_setup     		CODE           	3E68	0000	71
		_Ohm2C         		CODE           	2A2A	0000	449
		_ADC_Read      		CODE           	4238	0000	17

source/temperatureSensor.c estimated size: 921

C:\Program Files (x86)\Microchip\xc8\v2.05\pic\sources\c99\common\fltol.c
		___fltol       		CODE           	38D0	0000	189

C:\Program Files (x86)\Microchip\xc8\v2.05\pic\sources\c99\common\fltol.c estimated size: 189

C:\Program Files (x86)\Microchip\xc8\v2.05\pic\sources\c99\common\logf.c
		_logf          		CODE           	15E0	0000	1779

C:\Program Files (x86)\Microchip\xc8\v2.05\pic\sources\c99\common\logf.c estimated size: 1779

C:\Program Files (x86)\Microchip\xc8\v2.05\pic\sources\c99\common\strncmp.c
		_strncmp       		CODE           	3AEA	0000	171

C:\Program Files (x86)\Microchip\xc8\v2.05\pic\sources\c99\common\strncmp.c estimated size: 171

C:\Program Files (x86)\Microchip\xc8\v2.05\pic\sources\c99\common\sprcmul.c
		___flmul       		CODE           	1CD2	0000	851

C:\Program Files (x86)\Microchip\xc8\v2.05\pic\sources\c99\common\sprcmul.c estimated size: 851

C:\Program Files (x86)\Microchip\xc8\v2.05\pic\sources\c99\common\sprcdiv.c
		___fldiv       		CODE           	2330	0000	649

C:\Program Files (x86)\Microchip\xc8\v2.05\pic\sources\c99\common\sprcdiv.c estimated size: 649

C:\Program Files (x86)\Microchip\xc8\v2.05\pic\sources\c99\common\doprnt.c
		_vfpfcnvrt     		CODE           	086A	0000	3447
		_pad           		CODE           	3C34	0000	151
		_ctoa          		CODE           	3D88	0000	81
		_dtoa          		CODE           	25B8	0000	581
		_vfprintf      		CODE           	3D32	0000	87
		_otoa          		CODE           	2D9A	0000	385
		_stoa          		CODE           	32E2	0000	297
		_utoa          		CODE           	2BEA	0000	433
		_xtoa          		CODE           	27FC	0000	559

C:\Program Files (x86)\Microchip\xc8\v2.05\pic\sources\c99\common\doprnt.c estimated size: 6021

shared
		_SRCLK         		SMALLCONST     	0000	0000	0
		_BIT_4         		SMALLCONST     	0827	0000	2
		_RCLK          		SMALLCONST     	0000	0000	0
		_Lg1           		SMALLCONST     	0000	0000	0
		_SRCLR         		SMALLCONST     	0000	0000	0
		_BIT_5         		SMALLCONST     	0000	0000	0
		_Lg2           		SMALLCONST     	0000	0000	0
		_Lg3           		SMALLCONST     	0000	0000	0
		_Lg4           		SMALLCONST     	0000	0000	0
		display3@dig_mask		SMALLCONST     	0000	0000	0
		_BIT_0         		SMALLCONST     	082B	0000	2
		_OE            		SMALLCONST     	0000	0000	0
		_BIT_6         		SMALLCONST     	0825	0000	2
		__initialization		CODE           	3CCA	0000	91
		_BIT_1         		SMALLCONST     	082A	0000	2
		_BIT_7         		SMALLCONST     	0824	0000	2
		_DIG1          		SMALLCONST     	0000	0000	0
		_ln2_lo        		SMALLCONST     	0000	0000	0
		_DIG2          		SMALLCONST     	0000	0000	0
		_BIT_2         		SMALLCONST     	0000	0000	0
		_DIG3          		SMALLCONST     	0000	0000	0
		send_digit@com_mask		SMALLCONST     	0000	0000	0
		_BIT_3         		SMALLCONST     	0828	0000	2
		_ln2_hi        		SMALLCONST     	0000	0000	0
		character_table@a		SMALLCONST     	0000	0000	0
		character_table@b		SMALLCONST     	0000	0000	0
		character_table@c		SMALLCONST     	0000	0000	0
		character_table@d		SMALLCONST     	0000	0000	0
		character_table@e		SMALLCONST     	0000	0000	0
		character_table@f		SMALLCONST     	0000	0000	0
		character_table@g		SMALLCONST     	0000	0000	0
		character_table@h		SMALLCONST     	081B	0000	2
		_SER           		SMALLCONST     	0000	0000	0
		character_table@o		SMALLCONST     	0823	0000	2

shared estimated size: 107

C:\Program Files (x86)\Microchip\xc8\v2.05\pic\sources\c99\common\isalpha.c
		_isalpha       		CODE           	3FA8	0000	53

C:\Program Files (x86)\Microchip\xc8\v2.05\pic\sources\c99\common\isalpha.c estimated size: 53

Display.c
		_display3      		CODE           	398C	0000	177
		_setup_TMR0    		CODE           	4224	0000	21
		_character_table		CODE           	363C	0000	243
		_my_ISR        		CODE           	0008	0000	55
		_send_digit    		CODE           	3EAE	0000	69
		_counting_ISR  		CODE           	3FDC	0000	53
		_setupPortDisplay		CODE           	420E	0000	23

Display.c estimated size: 641

C:\Program Files (x86)\Microchip\xc8\v2.05\pic\sources\c99\common\Umul16.c
		___wmul        		CODE           	41AC	0000	39

C:\Program Files (x86)\Microchip\xc8\v2.05\pic\sources\c99\common\Umul16.c estimated size: 39

C:\Program Files (x86)\Microchip\xc8\v2.05\pic\sources\c99\common\atoi.c
		_atoi          		CODE           	3062	0000	321

C:\Program Files (x86)\Microchip\xc8\v2.05\pic\sources\c99\common\atoi.c estimated size: 321

C:\Program Files (x86)\Microchip\xc8\v2.05\pic\sources\c99\common\abs.c
		_abs           		CODE           	4010	0000	51

C:\Program Files (x86)\Microchip\xc8\v2.05\pic\sources\c99\common\abs.c estimated size: 51

C:\Program Files (x86)\Microchip\xc8\v2.05\pic\sources\c99\common\nf_fputs.c
		_fputs         		CODE           	3F70	0000	57

C:\Program Files (x86)\Microchip\xc8\v2.05\pic\sources\c99\common\nf_fputs.c estimated size: 57

main.c
		_main          		CODE           	41D2	0000	31
		_init_thermistor		CODE           	3EF2	0000	65

main.c estimated size: 96

C:\Program Files (x86)\Microchip\xc8\v2.05\pic\sources\c99\common\isdigit.c
		_isdigit       		CODE           	40D2	0000	49

C:\Program Files (x86)\Microchip\xc8\v2.05\pic\sources\c99\common\isdigit.c estimated size: 49

C:\Program Files (x86)\Microchip\xc8\v2.05\pic\sources\c99\common\sprcadd.c
		___flsub       		CODE           	3E22	0000	71
		___fladd       		CODE           	2024	0000	781

C:\Program Files (x86)\Microchip\xc8\v2.05\pic\sources\c99\common\sprcadd.c estimated size: 852

C:\Program Files (x86)\Microchip\xc8\v2.05\pic\sources\c99\common\lomod.c
		___lomod       		CODE           	3A3C	0000	175

C:\Program Files (x86)\Microchip\xc8\v2.05\pic\sources\c99\common\lomod.c estimated size: 175

C:\Program Files (x86)\Microchip\xc8\v2.05\pic\sources\c99\common\aomod.c
		___aomod       		CODE           	340A	0000	293

C:\Program Files (x86)\Microchip\xc8\v2.05\pic\sources\c99\common\aomod.c estimated size: 293

C:\Program Files (x86)\Microchip\xc8\v2.05\pic\sources\c99\common\nf_vsnprintf.c
		_vsnprintf     		CODE           	372E	0000	213

C:\Program Files (x86)\Microchip\xc8\v2.05\pic\sources\c99\common\nf_vsnprintf.c estimated size: 213

